$TYPE som
$GRID_TOPOLOGY planar
$GRID_LAYOUT rectangular
$XDIM 18
$YDIM 18
$ZDIM 1
$VEC_DIM 24
$STORAGE_DATE 1/28/20, 3:50 PM
$TRAINING_TIME 
$LEARNRATE_TYPE exponential
$LEARNRATE_INIT 0.75
$NEIGHBORHOOD_TYPE exponential
$NEIGHBORHOOD_INIT 9.0
$RAND_INIT 42
$ITERATIONS_TOTAL 16000
$NR_TRAINVEC_TOTAL 3200
$ADAPTIVE_COORDINATES_THRESHOLD 
$VEC_NORMALIZED false
$QUANTERROR_MAP <error receiving value: Quality measure with name mqe not found.>
$QUANTERROR_VEC <error receiving value: Quality measure with name mqe not found.>
$URL_TRAINING_VEC /home/mbernr/Documents/SOS/ex3/data/led/led.vec
$URL_TRAINING_VEC_DESCR 
$URL_WEIGHT_VEC /home/mbernr/Documents/SOS/ex3/data/led/../maps/led/led.wgt
$URL_QUANTERR_MAP 
$URL_MAPPED_INPUT_VEC 
$URL_MAPPED_INPUT_VEC_DESCR 
$URL_UNIT_DESCR /home/mbernr/Documents/SOS/ex3/data/led/../maps/led/led.unit
$URL_TEMPLATE_VECTOR /home/mbernr/Documents/SOS/ex3/data/led/led.tv
$URL_DATA_WINNER_MAPPING /home/mbernr/Documents/SOS/ex3/data/led/../maps/led/led.dwm
$URL_CLASS_INFO 
$URL_LABELS 
$METRIC at.tuwien.ifs.somtoolbox.layers.metrics.L2Metric
$LAYER_REVISION $Revision: 4300 $
$DESCRIPTION 
$AVAILABLE_VIS 
$DATA_TYPE unknown
$DATA_DIM 
